// Vitest Snapshot v1, https://vitest.dev/guide/snapshot.html

exports[`index barrel > index-barrel 1`] = `
{
  "clearErrors": [Function],
  "clearErrorsForValidator": [Function],
  "errorStoreService": {
    "clearErrors": [Function],
    "clearErrorsForValidator": [Function],
    "setErrors": [Function],
    "subscribe": [Function],
    "unsubscribe": [Function],
  },
  "setErrors": [Function],
  "useClearErrors": [Function],
  "useErrorsForValidator": [Function],
}
`;
