// Jest Snapshot v1, https://goo.gl/fbAQLP

exports[`index barrel: index-barrel 1`] = `
{
  "clearErrors": [Function],
  "clearErrorsForValidator": [Function],
  "errorStoreService": {
    "clearErrors": [Function],
    "clearErrorsForValidator": [Function],
    "setErrors": [Function],
    "subscribe": [Function],
    "unsubscribe": [Function],
  },
  "setErrors": [Function],
  "useClearErrors": [Function],
  "useErrorsForValidator": [Function],
}
`;
